2026-09-30 16:11:36,182 - INFO - ==================================================
2026-09-30 16:11:36,182 - INFO -    AI Photo Organizer (Pro Version)
2026-09-30 16:11:36,183 - INFO - ==================================================
2026-09-30 16:11:36,183 - INFO - 
Step 1: Scanning photos...
2026-09-30 16:11:36,198 - INFO -    Found 144 photos.
2026-09-30 16:11:36,199 - INFO - 
Step 2: Detecting faces & generating embeddings...
2026-09-30 16:11:36,199 - INFO -    (Using MTCNN + Facenet512 for best accuracy)
2026-09-30 16:11:36,200 - INFO - [1/144] Scanning: DSC_0007.JPG...
2026-09-30 16:12:35,969 - INFO - [1/144] DSC_0007.JPG - 1 face(s) found! ✅
2026-09-30 16:12:35,985 - INFO - [2/144] Scanning: DSC_0008.JPG...
2026-09-30 16:13:26,786 - INFO - [2/144] DSC_0008.JPG - 1 face(s) found! ✅
2026-09-30 16:13:26,805 - INFO - [3/144] Scanning: DSC_0009.JPG...
2026-09-30 16:14:16,541 - INFO - [3/144] DSC_0009.JPG - 1 face(s) found! ✅
2026-09-30 16:14:16,557 - INFO - [4/144] Scanning: DSC_0010.JPG...
2026-09-30 16:15:09,005 - INFO - [4/144] DSC_0010.JPG - 1 face(s) found! ✅
2026-09-30 16:15:09,023 - INFO - [5/144] Scanning: DSC_0011.JPG...
2026-09-30 16:16:01,818 - INFO - [5/144] DSC_0011.JPG - 1 face(s) found! ✅
2026-09-30 16:16:01,840 - INFO - [6/144] Scanning: DSC_0012.JPG...
2026-09-30 16:16:52,648 - INFO - [6/144] DSC_0012.JPG - 1 face(s) found! ✅
2026-09-30 16:16:52,665 - INFO - [7/144] Scanning: DSC_0013.JPG...
2026-09-30 16:17:55,878 - INFO - [7/144] DSC_0013.JPG - No valid face
2026-09-30 16:17:55,886 - INFO - [8/144] Scanning: DSC_0014.JPG...
2026-09-30 16:18:44,488 - INFO - [8/144] DSC_0014.JPG - 4 face(s) found! ✅
2026-09-30 16:18:44,499 - INFO - [9/144] Scanning: DSC_0015.JPG...
2026-09-30 16:19:34,534 - INFO - [9/144] DSC_0015.JPG - 3 face(s) found! ✅
2026-09-30 16:19:34,548 - INFO - [10/144] Scanning: DSC_0016.JPG...
2026-09-30 16:20:26,694 - INFO - [10/144] DSC_0016.JPG - 5 face(s) found! ✅
2026-09-30 16:20:26,708 - INFO - [11/144] Scanning: DSC_0017.JPG...
2026-09-30 16:21:13,304 - INFO - [11/144] DSC_0017.JPG - 6 face(s) found! ✅
2026-09-30 16:21:13,325 - INFO - [12/144] Scanning: DSC_0018.JPG...
2026-09-30 16:22:04,336 - INFO - [12/144] DSC_0018.JPG - 5 face(s) found! ✅
2026-09-30 16:22:04,362 - INFO - [13/144] Scanning: DSC_0019.JPG...
2026-09-30 16:22:55,983 - INFO - [13/144] DSC_0019.JPG - 3 face(s) found! ✅
2026-09-30 16:22:55,998 - INFO - [14/144] Scanning: DSC_0020.JPG...
2026-09-30 16:23:49,808 - INFO - [14/144] DSC_0020.JPG - 3 face(s) found! ✅
2026-09-30 16:23:49,823 - INFO - [15/144] Scanning: DSC_0021.JPG...
2026-09-30 16:24:44,162 - INFO - [15/144] DSC_0021.JPG - 13 face(s) found! ✅
2026-09-30 16:24:44,184 - INFO - [16/144] Scanning: DSC_0022.JPG...
2026-09-30 16:25:37,876 - INFO - [16/144] DSC_0022.JPG - 14 face(s) found! ✅
2026-09-30 16:25:37,900 - INFO - [17/144] Scanning: DSC_0023.JPG...
2026-09-30 16:26:33,545 - INFO - [17/144] DSC_0023.JPG - 8 face(s) found! ✅
2026-09-30 16:26:33,561 - INFO - [18/144] Scanning: DSC_0024.JPG...
2026-09-30 16:27:20,482 - INFO - [18/144] DSC_0024.JPG - 7 face(s) found! ✅
2026-09-30 16:27:20,499 - INFO - [19/144] Scanning: DSC_0025.JPG...
2026-09-30 16:28:06,702 - INFO - [19/144] DSC_0025.JPG - 6 face(s) found! ✅
2026-09-30 16:28:06,722 - INFO - [20/144] Scanning: DSC_0026.JPG...
2026-09-30 16:28:55,460 - INFO - [20/144] DSC_0026.JPG - 1 face(s) found! ✅
2026-09-30 16:28:55,475 - INFO - [21/144] Scanning: DSC_0027.JPG...
2026-09-30 16:29:44,053 - INFO - [21/144] DSC_0027.JPG - 2 face(s) found! ✅
2026-09-30 16:29:44,071 - INFO - [22/144] Scanning: DSC_0028.JPG...
